{10,{11,12,13}},
{20,{21,22,0}},
{30,{31,0,0}},
{40,{41,0,0}},
{0}
};
